scanning 'test04.mod'...
  1:1: tIdent (a)
  2:1: tIdent (b)
  3:1: tIdent (c)
  4:1: tIdent (_tmp1)
  5:1: tEOF


Done.
