scanning 'test03.mod'...
  1:1: tSemicolon
  2:1: tDot
  3:1: tLParens
  4:1: tRBrak
  6:1: tEOF


Done.
